// Jest Snapshot v1, https://goo.gl/fbAQLP

exports[`Avatar should render an avatar 1`] = `
<div>
  <img
    className="image is-maker"
    height={24}
    role="presentation"
    src="https://github.com/sketchpacks.png"
    width={24}
  />
</div>
`;
