// Jest Snapshot v1, https://goo.gl/fbAQLP

exports[`Button should render a button element 1`] = `
<button>
  Install
</button>
`;
