// Jest Snapshot v1, https://goo.gl/fbAQLP

exports[`getManagedPlugins should return library items found in the sketchpack 1`] = `
Array [
  Object {
    "compatible_version": "0.0.0",
    "name": "sketch-measure",
    "owner": "utom",
    "version": "2.0.0",
  },
]
`;
